=========================================================
CampusFR Commerce 7.95 - Certification J6
Date : Mon Aug  3 01:28:04 UTC 2026
Commit : 2d061ac424a
=========================================================

================ local_subscriptions ================
Moodle 5.0.7 (Build: 20260420), 2d061ac424ad02045c899d9e36501b8606127109
Php: 8.4.5, mysqli: 8.4.5, OS: Linux 6.14.0-37-generic x86_64
PHPUnit 11.5.55 by Sebastian Bergmann and contributors.

Runtime:       PHP 8.4.5
Configuration: /var/www/moodle-dev/phpunit.xml

.............................................................   61 / 1196 (  5%)
.............................................................  122 / 1196 ( 10%)
.............................................................  183 / 1196 ( 15%)
.............................................................  244 / 1196 ( 20%)
.............................................................  305 / 1196 ( 25%)
.............................................................  366 / 1196 ( 30%)
.............................................................  427 / 1196 ( 35%)
.............................................................  488 / 1196 ( 40%)
.............................................................  549 / 1196 ( 45%)
.............................................................  610 / 1196 ( 51%)
.............................................................  671 / 1196 ( 56%)
.............................................................  732 / 1196 ( 61%)
.............................................................  793 / 1196 ( 66%)
.............................................................  854 / 1196 ( 71%)
.............................................................  915 / 1196 ( 76%)
.............................................................  976 / 1196 ( 81%)
............................................................. 1037 / 1196 ( 86%)
............................................................. 1098 / 1196 ( 91%)
............................................................. 1159 / 1196 ( 96%)
.....................................                         1196 / 1196 (100%)

Time: 07:13.108, Memory: 167.00 MB

OK, but there were issues!
Tests: 1196, Assertions: 4852, PHPUnit Deprecations: 101.

================ local_campus ========================
Moodle 5.0.7 (Build: 20260420), 2d061ac424ad02045c899d9e36501b8606127109
Php: 8.4.5, mysqli: 8.4.5, OS: Linux 6.14.0-37-generic x86_64
PHPUnit 11.5.55 by Sebastian Bergmann and contributors.

Runtime:       PHP 8.4.5
Configuration: /var/www/moodle-dev/phpunit.xml

...........................                                       27 / 27 (100%)

Time: 00:04.222, Memory: 79.00 MB

OK (27 tests, 137 assertions)

=========================================================
Résumé
local_subscriptions : 0
local_campus        : 0

CERTIFICATION : SUCCESS
Rapport : /var/www/moodle-dev/local/subscriptions/certification/J6-certification-20260803-012804.log
